../Core/Src/main.c:97:5:_write	24	static
../Core/Src/main.c:117:6:SetMuxChannel	16	static
../Core/Src/main.c:130:5:main	24	static
../Core/Src/main.c:288:6:SystemClock_Config	88	static
../Core/Src/main.c:335:13:MX_FDCAN1_Init	8	static
../Core/Src/main.c:388:13:MX_FDCAN2_Init	8	static
../Core/Src/main.c:440:13:MX_TIM1_Init	120	static
../Core/Src/main.c:522:13:MX_USART2_UART_Init	8	static
../Core/Src/main.c:570:13:MX_GPIO_Init	56	static
../Core/Src/main.c:642:13:FDCAN2_Filter_Config	40	static
../Core/Src/main.c:677:6:HAL_FDCAN_RxFifo0Callback	16	static
../Core/Src/main.c:713:6:Error_Handler	8	static,ignoring_inline_asm
